// Jest Snapshot v1, https://goo.gl/fbAQLP

exports[`ExploreListings should match the snapshot 1`] = `
<div
  class="sc-blHHSb cDukss"
>
  <h1
    class="sc-gtLWhw dmgHgk"
  >
    Explore Listings
  </h1>
  <div
    class="sc-egkSDF kdzCJS"
  >
    <h2
      class="sc-fAUdSK jcSlXs"
    >
      Featured Listings
    </h2>
    <h2
      class="sc-fAUdSK fLAMcP"
    >
      Hot
    </h2>
  </div>
  <div
    class="sc-dntaoT dQtacQ"
  />
</div>
`;
