// Jest Snapshot v1, https://goo.gl/fbAQLP

exports[`ProductListingComponent renders correctly on desktop 1`] = `
<div
  class="sc-cHqXqK eFEVWr"
>
  <div
    class="sc-jtQUzJ hqKZmq"
  >
    <div
      class="sc-blHHSb kscHbD"
    >
      <div
        class="sc-fAUdSK jIA-DAh"
      >
        <img
          class="sc-ixGGxD fzPTpc"
          src="https://images-na.ssl-images-amazon.com/images/I/71g2ednj0JL._AC_SL1500_.jpg"
        />
      </div>
      <div
        class="sc-fAUdSK jIA-DAh"
      >
        <img
          class="sc-ixGGxD fzPTpc"
          src="https://images-na.ssl-images-amazon.com/images/I/81QpkIctqPL._AC_SL1500_.jpg"
        />
      </div>
      <div
        class="sc-fAUdSK jIA-DAh"
      >
        <img
          class="sc-ixGGxD fzPTpc"
          src="https://images-na.ssl-images-amazon.com/images/I/71K7Q4FpguL._AC_SL1500_.jpg"
        />
      </div>
      <div
        class="sc-fAUdSK jIA-DAh"
      >
        <video
          class="sc-khLCKb iFBhps"
          controls=""
          src="https://storage.googleapis.com/gtv-videos-bucket/sample/BigBuckBunny.mp4"
        />
      </div>
    </div>
  </div>
  <div
    class="sc-cEzcPc cNTqzZ"
  >
    <div
      class="sc-ovuCP iSuOpi"
    >
      <div
        class="sc-eOzmre etmnQO"
      >
        <h1>
          Product Title
        </h1>
        <p>
          Description description description description description description description description description description description description description description description description description description
        </p>
      </div>
      <div
        class="sc-eauhAA hkBWtB"
      >
        <div
          class="sc-fFoeYl clTZdp"
        >
          CAD $$$
        </div>
        <div>
          Negotiable / Non-negotiable
        </div>
        <div
          class="sc-gQaihK cIDCuS"
        >
          <img
            alt="Seller Avatar"
            class="sc-iuUfFv dKOmuZ"
            src="https://via.placeholder.com/50"
          />
          <div>
            <div>
              NAME BLURRED
            </div>
            <div>
              SELLER ID # 1234
            </div>
            <a
              href="#"
            >
              See all seller reviews
            </a>
          </div>
        </div>
      </div>
    </div>
    <div
      class="sc-dprtRQ fehuut"
    >
      <h2>
        Product Specifications
      </h2>
      <ul>
        <li>
          Specification 1
        </li>
        <li>
          Specification 2
        </li>
        <li>
          Specification 3
        </li>
        <li>
          Specification 4
        </li>
      </ul>
    </div>
  </div>
</div>
`;
