// Jest Snapshot v1, https://goo.gl/fbAQLP

exports[`ProductSpecifications should match snapshot 1`] = `
<div>
  <div
    class="sc-keTIit ebrqPF"
  >
    <h2>
      Product Specifications
    </h2>
    <div
      class="sc-eOzmre gcHmzw"
    >
      <div
        class="sc-eauhAA fZvHsO"
      >
        <h3>
          Basic Information
        </h3>
        <p
          class="sc-fFoeYl fnFPnM"
        >
          Quantity: 
          5
        </p>
        <p
          class="sc-fFoeYl fnFPnM"
        >
          Brand: 
          BrandName
        </p>
        <p
          class="sc-fFoeYl fnFPnM"
        >
          Model: 
          Model123
        </p>
      </div>
      <div
        class="sc-eauhAA fZvHsO"
      >
        <h3>
          Appearance
        </h3>
        <p
          class="sc-fFoeYl fnFPnM"
        >
          Color: 
          Red
        </p>
        <p
          class="sc-fFoeYl fnFPnM"
        >
          Dimensions: 
          10x10x10 cm
        </p>
        <p
          class="sc-fFoeYl fnFPnM"
        >
          Weight: 
          1kg
        </p>
        <p
          class="sc-fFoeYl fnFPnM"
        >
          Material: 
          Plastic
        </p>
      </div>
      <div
        class="sc-eauhAA fZvHsO"
      >
        <h3>
          Performance
        </h3>
        <p
          class="sc-fFoeYl fnFPnM"
        >
          Battery Life: 
          10 hours
        </p>
        <p
          class="sc-fFoeYl fnFPnM"
        >
          Storage Capacity: 
          256GB
        </p>
      </div>
      <div
        class="sc-eauhAA fZvHsO"
      >
        <h3>
          Additional Details
        </h3>
        <p
          class="sc-fFoeYl fnFPnM"
        >
          Some additional details
        </p>
      </div>
    </div>
  </div>
</div>
`;

exports[`ProductSpecs should match snapshot 1`] = `
<div>
  <div
    class="sc-keTIit ebrqPF"
  >
    <h2>
      Product Specifications
    </h2>
    <div
      class="sc-eOzmre gcHmzw"
    >
      <div
        class="sc-eauhAA fZvHsO"
      >
        <h3>
          Basic Information
        </h3>
        <p
          class="sc-fFoeYl fnFPnM"
        >
          Quantity: 
          5
        </p>
        <p
          class="sc-fFoeYl fnFPnM"
        >
          Brand: 
          BrandName
        </p>
        <p
          class="sc-fFoeYl fnFPnM"
        >
          Model: 
          Model123
        </p>
      </div>
      <div
        class="sc-eauhAA fZvHsO"
      >
        <h3>
          Appearance
        </h3>
        <p
          class="sc-fFoeYl fnFPnM"
        >
          Color: 
          Red
        </p>
        <p
          class="sc-fFoeYl fnFPnM"
        >
          Dimensions: 
          10x10x10 cm
        </p>
        <p
          class="sc-fFoeYl fnFPnM"
        >
          Weight: 
          1kg
        </p>
        <p
          class="sc-fFoeYl fnFPnM"
        >
          Material: 
          Plastic
        </p>
      </div>
      <div
        class="sc-eauhAA fZvHsO"
      >
        <h3>
          Performance
        </h3>
        <p
          class="sc-fFoeYl fnFPnM"
        >
          Battery Life: 
          10 hours
        </p>
        <p
          class="sc-fFoeYl fnFPnM"
        >
          Storage Capacity: 
          256GB
        </p>
      </div>
      <div
        class="sc-eauhAA fZvHsO"
      >
        <h3>
          Additional Details
        </h3>
        <p
          class="sc-fFoeYl fnFPnM"
        >
          Some additional details
        </p>
      </div>
    </div>
  </div>
</div>
`;
