// Jest Snapshot v1, https://goo.gl/fbAQLP

exports[`Navbar should match the snapshot 1`] = `
<nav
  class="sc-blHHSb nIHai"
>
  <div
    class="sc-gtLWhw dgXBwO"
  >
    Markt
  </div>
  <ul
    class="sc-egkSDF ckDOmE"
  >
    <li
      class="sc-fAUdSK kycBV"
    >
      <a
        aria-current="page"
        class="sc-dntaoT lagFYI ({
          isActive
        }) => isActive ? \\"active\\" : \\"\\" active"
        href="/"
      >
        Home
      </a>
    </li>
    <li
      class="sc-fAUdSK kycBV"
    >
      <a
        class="sc-dntaoT lagFYI ({
          isActive
        }) => isActive ? \\"active\\" : \\"\\""
        href="/buy"
      >
        Buy
      </a>
    </li>
    <li
      class="sc-fAUdSK kycBV"
    >
      <a
        class="sc-dntaoT lagFYI ({
          isActive
        }) => isActive ? \\"active\\" : \\"\\""
        href="/sell"
      >
        Sell
      </a>
    </li>
    <li
      class="sc-fAUdSK kycBV"
    >
      <a
        class="sc-dntaoT lagFYI ({
          isActive
        }) => isActive ? \\"active\\" : \\"\\""
        href="/wishlist"
      >
        Wishlist
      </a>
    </li>
    <li
      class="sc-fAUdSK kycBV"
    >
      <a
        class="sc-dntaoT lagFYI ({
          isActive
        }) => isActive ? \\"active\\" : \\"\\""
        href="/register"
      >
        Login/Register
      </a>
    </li>
  </ul>
</nav>
`;
