// Jest Snapshot v1, https://goo.gl/fbAQLP

exports[`HomePage should match the snapshot 1`] = `
<div>
  <div
    data-testid="navbar"
  >
    Navbar
  </div>
  <img
    alt="image"
    height="400"
    src="/"
    width="100%"
  />
  <div
    data-testid="explore-listings"
  >
    Explore Listings
  </div>
</div>
`;
