// Jest Snapshot v1, https://goo.gl/fbAQLP

exports[`ListingContainer should match snapshot 1`] = `
<div>
  <div
    class="sc-blHHSb kvQhZz"
    data-testid="listingContainer"
  >
    <img
      alt="Test Title"
      class="sc-gtLWhw gHqCbx"
      src="test-image.jpg"
    />
    <div
      class="sc-egkSDF iudIOR"
    >
      <h4
        class="sc-fAUdSK iAyLhe"
      >
        Test Title
      </h4>
      <span
        class="sc-dntaoT hCeDuz"
      >
        $100
      </span>
    </div>
    <div
      class="sc-ivxoEo gIDWeM"
    >
      <div
        class="sc-ghWlax cNFGyV"
        data-testid="wishlist-button"
      >
        <svg
          fill="currentColor"
          height="1em"
          stroke="currentColor"
          stroke-width="0"
          viewBox="0 0 512 512"
          width="1em"
          xmlns="http://www.w3.org/2000/svg"
        >
          <path
            d="M462.3 62.6C407.5 15.9 326 24.3 275.7 76.2L256 96.5l-19.7-20.3C186.1 24.3 104.5 15.9 49.7 62.6c-62.8 53.6-66.1 149.8-9.9 207.9l193.5 199.8c12.5 12.9 32.8 12.9 45.3 0l193.5-199.8c56.3-58.1 53-154.3-9.8-207.9z"
          />
        </svg>
      </div>
      <div
        class="sc-kLhKbu exAFAb"
      >
        <span
          class="sc-khLCKb blLMmS"
        >
          Test Location
        </span>
        <span
          class="sc-ixGGxD cLXaOK"
        >
          New
        </span>
      </div>
    </div>
  </div>
</div>
`;
