// Jest Snapshot v1, https://goo.gl/fbAQLP

exports[`Profile should match the snapshot 1`] = `
<div>
  <div
    style="padding: 20px; text-align: center;"
  >
    <h1
      class="sc-blHHSb dZEASA"
    >
      Hello, 
    </h1>
    <h2
      class="sc-egkSDF iGbrtJ"
    >
      Profile Details
    </h2>
    <p
      class="sc-gtLWhw dyUeKS"
    >
      <b>
        UofT Email Address:
      </b>
       
    </p>
    <p
      class="sc-gtLWhw dyUeKS"
    >
      <b>
        UofT Student ID:
      </b>
       
    </p>
    <div
      class="sc-fAUdSK kWpjus"
    >
      <button
        class="sc-dntaoT jxYeMt"
      >
        Logout
      </button>
    </div>
  </div>
</div>
`;
